V3 56
FL /home/student1/d3krishn/Desktop/CacheController/CacheController.vhd 2023/11/03.13:46:55 O.87xd
FL /home/student1/d3krishn/Desktop/CacheController/CPU_gen.vhd 2023/10/31.14:39:34 O.87xd
FL /home/student1/d3krishn/Desktop/CacheController/ipcore_dir/icon.vhd 2023/11/01.18:05:10 O.87xd
FL /home/student1/d3krishn/Desktop/CacheController/ipcore_dir/ila.vhd 2023/11/01.19:15:24 O.87xd
FL /home/student1/d3krishn/Desktop/CacheController/ipcore_dir/SRAM.vhd 2023/11/01.14:56:56 O.87xd
FL /home/student1/d3krishn/Desktop/CacheController/SDRAMController.vhd 2023/10/31.16:31:18 O.87xd
FL /home/student1/jsivalog/Desktop/CacheController/CacheController.vhd 2023/10/31.11:45:16 O.87xd
FL /home/student1/jsivalog/Desktop/CacheController/CPU_gen.vhd 2023/10/17.13:35:46 O.87xd
FL /home/student1/jsivalog/Desktop/CacheController/ipcore_dir/icon.vhd 2023/11/01.19:05:10 O.87xd
FL /home/student1/jsivalog/Desktop/CacheController/ipcore_dir/ila.vhd 2023/10/26.11:43:52 O.87xd
FL /home/student1/jsivalog/Desktop/CacheController/ipcore_dir/SRAM.vhd 2023/11/01.15:56:56 O.87xd
FL /home/student1/jsivalog/Desktop/CacheController/SDRAMController.vhd 2023/10/31.11:44:59 O.87xd
FL /home/student1/jsivalog/Desktop/CacheController-master/CacheController.vhd 2023/11/15.01:48:57 O.87xd
EN work/CacheController 1700032566 \
      FL /home/student1/jsivalog/Desktop/CacheController-master/CacheController.vhd \
      PB ieee/std_logic_1164 1317710503 PB ieee/NUMERIC_STD 1317710508
AR work/CacheController/Behavioral 1700032567 \
      FL /home/student1/jsivalog/Desktop/CacheController-master/CacheController.vhd \
      EN work/CacheController 1700032566 CP CPU_gen CP SDRAMController CP SRAM \
      CP icon CP ila
FL /home/student1/jsivalog/Desktop/CacheController-master/CPU_gen.vhd 2023/11/15.02:02:38 O.87xd
EN work/CPU_gen 1700032556 \
      FL /home/student1/jsivalog/Desktop/CacheController-master/CPU_gen.vhd \
      PB ieee/std_logic_1164 1317710503 PB ieee/std_logic_arith 1317710504 \
      PB ieee/STD_LOGIC_UNSIGNED 1317710506
AR work/CPU_gen/Behavioral 1700032557 \
      FL /home/student1/jsivalog/Desktop/CacheController-master/CPU_gen.vhd \
      EN work/CPU_gen 1700032556
FL /home/student1/jsivalog/Desktop/CacheController-master/ipcore_dir/icon.vhd 2019/02/13.23:35:28 O.87xd
EN work/icon 1700032562 \
      FL /home/student1/jsivalog/Desktop/CacheController-master/ipcore_dir/icon.vhd \
      PB ieee/std_logic_1164 1317710503
AR work/icon/icon_a 1700032563 \
      FL /home/student1/jsivalog/Desktop/CacheController-master/ipcore_dir/icon.vhd \
      EN work/icon 1700032562
FL /home/student1/jsivalog/Desktop/CacheController-master/ipcore_dir/ila.vhd 2019/02/13.23:35:28 O.87xd
EN work/ila 1700032564 \
      FL /home/student1/jsivalog/Desktop/CacheController-master/ipcore_dir/ila.vhd \
      PB ieee/std_logic_1164 1317710503
AR work/ila/ila_a 1700032565 \
      FL /home/student1/jsivalog/Desktop/CacheController-master/ipcore_dir/ila.vhd \
      EN work/ila 1700032564
FL /home/student1/jsivalog/Desktop/CacheController-master/ipcore_dir/SRAM.vhd 2019/02/13.23:35:28 O.87xd
EN work/SRAM 1700032560 \
      FL /home/student1/jsivalog/Desktop/CacheController-master/ipcore_dir/SRAM.vhd \
      PB ieee/std_logic_1164 1317710503
AR work/SRAM/SRAM_a 1700032561 \
      FL /home/student1/jsivalog/Desktop/CacheController-master/ipcore_dir/SRAM.vhd \
      EN work/SRAM 1700032560
FL /home/student1/jsivalog/Desktop/CacheController-master/SDRAMController.vhd 2019/02/13.23:35:28 O.87xd
EN work/SDRAMController 1700032558 \
      FL /home/student1/jsivalog/Desktop/CacheController-master/SDRAMController.vhd \
      PB ieee/std_logic_1164 1317710503 PB ieee/NUMERIC_STD 1317710508
AR work/SDRAMController/Behavioral 1700032559 \
      FL /home/student1/jsivalog/Desktop/CacheController-master/SDRAMController.vhd \
      EN work/SDRAMController 1700032558
FL /home/student1/jsivalog/Desktop/CacheController/CacheController.vhd 2023/10/24.19:52:11 O.87xd
FL /home/student1/jsivalog/Desktop/CacheController/CPU_gen.vhd 2023/10/31.14:39:34 O.87xd
FL /home/student1/jsivalog/Desktop/CacheController/ipcore_dir/icon.vhd 2023/11/01.19:05:10 O.87xd
FL /home/student1/jsivalog/Desktop/CacheController/ipcore_dir/ila.vhd 2023/11/01.20:15:24 O.87xd
FL /home/student1/jsivalog/Desktop/CacheController/ipcore_dir/SRAM.vhd 2023/11/01.15:56:56 O.87xd
FL /home/student1/jsivalog/Desktop/CacheController/SDRAMController.vhd 2023/10/31.16:31:18 O.87xd
FL /home/student1/jsivalog/Desktop//CacheController/CacheController.vhd 2023/10/25.22:28:15 O.87xd
FL /home/student1/jsivalog/Desktop//CacheController/CPU_gen.vhd 2023/10/31.14:39:34 O.87xd
FL /home/student1/jsivalog/Desktop//CacheController/ipcore_dir/icon.vhd 2023/11/01.19:05:10 O.87xd
FL /home/student1/jsivalog/Desktop//CacheController/ipcore_dir/ila.vhd 2023/11/01.20:15:24 O.87xd
FL /home/student1/jsivalog/Desktop//CacheController/ipcore_dir/SRAM.vhd 2023/11/01.15:56:56 O.87xd
FL /home/student1/jsivalog/Desktop//CacheController/SDRAMController.vhd 2023/10/31.16:31:18 O.87xd
FL "jsivalog/CacheController/CacheController.vhd" 2023/11/01.19:27:54 O.87xd
FL "jsivalog/CacheController/CPU_gen.vhd" 2023/10/31.14:39:34 O.87xd
FL "jsivalog/CacheController/ipcore_dir/icon.vhd" 2023/11/01.18:05:10 O.87xd
FL "jsivalog/CacheController/ipcore_dir/ila.vhd" 2023/11/01.19:15:24 O.87xd
FL "jsivalog/CacheController/ipcore_dir/SRAM.vhd" 2023/11/01.14:56:56 O.87xd
FL "jsivalog/CacheController/ipcore_dir/vio.vhd" 2023/11/01.16:41:12 O.87xd
EN work/vio 1446418507 \
      FL "jsivalog/CacheController/ipcore_dir/vio.vhd" \
      PB ieee/std_logic_1164 1317710503
AR work/vio/vio_a 1446418508 \
      FL "jsivalog/CacheController/ipcore_dir/vio.vhd" \
      EN work/vio 1446418507
FL "jsivalog/CacheController/SDRAMController.vhd" 2023/10/31.16:31:18 O.87xd
